To honour the JVM settings for this build a single-use Daemon process will be forked. For more on this, please refer to https://docs.gradle.org/8.13/userguide/gradle_daemon.html#sec:disabling_the_daemon in the Gradle documentation.
Daemon JVM discovery is an incubating feature.
Daemon will be stopped at the end of the build 
Configuration on demand is an incubating feature.
> Task :app:preBuild UP-TO-DATE
> Task :app:preAdminDebugBuild UP-TO-DATE
> Task :app:mergeAdminDebugNativeDebugMetadata NO-SOURCE
> Task :app:checkKotlinGradlePluginConfigurationErrors SKIPPED
> Task :app:generateAdminDebugBuildConfig UP-TO-DATE
> Task :app:checkAdminDebugAarMetadata UP-TO-DATE
> Task :app:processAdminDebugNavigationResources UP-TO-DATE
> Task :app:compileAdminDebugNavigationResources UP-TO-DATE
> Task :app:generateAdminDebugResValues UP-TO-DATE
> Task :app:processAdminDebugGoogleServices UP-TO-DATE
> Task :app:mapAdminDebugSourceSetPaths UP-TO-DATE
> Task :app:generateAdminDebugResources UP-TO-DATE
> Task :app:mergeAdminDebugResources UP-TO-DATE
> Task :app:packageAdminDebugResources UP-TO-DATE
> Task :app:parseAdminDebugLocalResources UP-TO-DATE
> Task :app:createAdminDebugCompatibleScreenManifests UP-TO-DATE
> Task :app:extractDeepLinksAdminDebug UP-TO-DATE
> Task :app:processAdminDebugMainManifest UP-TO-DATE
> Task :app:processAdminDebugManifest UP-TO-DATE
> Task :app:processAdminDebugManifestForPackage UP-TO-DATE
> Task :app:processAdminDebugResources UP-TO-DATE
> Task :app:javaPreCompileAdminDebug UP-TO-DATE
> Task :app:mergeAdminDebugShaders UP-TO-DATE
> Task :app:compileAdminDebugShaders NO-SOURCE
> Task :app:generateAdminDebugAssets UP-TO-DATE
> Task :app:mergeAdminDebugAssets UP-TO-DATE
> Task :app:compressAdminDebugAssets UP-TO-DATE
> Task :app:l8DexDesugarLibAdminDebug UP-TO-DATE
> Task :app:desugarAdminDebugFileDependencies UP-TO-DATE
> Task :app:checkAdminDebugDuplicateClasses UP-TO-DATE
> Task :app:mergeExtDexAdminDebug UP-TO-DATE
> Task :app:mergeLibDexAdminDebug UP-TO-DATE
> Task :app:mergeAdminDebugJniLibFolders UP-TO-DATE
> Task :app:mergeAdminDebugNativeLibs UP-TO-DATE
> Task :app:stripAdminDebugDebugSymbols UP-TO-DATE
> Task :app:validateSigningAdminDebug UP-TO-DATE
> Task :app:writeAdminDebugAppMetadata UP-TO-DATE
> Task :app:writeAdminDebugSigningConfigVersions UP-TO-DATE
> Task :app:kspAdminDebugKotlin

> Task :app:compileAdminDebugKotlin FAILED
w: file:///C:/Users/ravip/AndroidStudioProjects/PoliceMobileDirectory/app/src/admin/java/com/example/policemobiledirectory/ui/components/SearchFilterBar.kt:197:38 'fun Modifier.menuAnchor(): Modifier' is deprecated. Use overload that takes MenuAnchorType and enabled parameters.
w: file:///C:/Users/ravip/AndroidStudioProjects/PoliceMobileDirectory/app/src/admin/java/com/example/policemobiledirectory/ui/components/SearchFilterBar.kt:244:38 'fun Modifier.menuAnchor(): Modifier' is deprecated. Use overload that takes MenuAnchorType and enabled parameters.
w: file:///C:/Users/ravip/AndroidStudioProjects/PoliceMobileDirectory/app/src/admin/java/com/example/policemobiledirectory/ui/components/SearchFilterBar.kt:299:42 'fun Modifier.menuAnchor(): Modifier' is deprecated. Use overload that takes MenuAnchorType and enabled parameters.
w: file:///C:/Users/ravip/AndroidStudioProjects/PoliceMobileDirectory/app/src/admin/java/com/example/policemobiledirectory/ui/components/SearchFilterBar.kt:347:38 'fun Modifier.menuAnchor(): Modifier' is deprecated. Use overload that takes MenuAnchorType and enabled parameters.
w: file:///C:/Users/ravip/AndroidStudioProjects/PoliceMobileDirectory/app/src/admin/java/com/example/policemobiledirectory/ui/screens/EmployeeDetailScreen.kt:276:21 Condition is always 'true'.
./gradlew : e: file:///C:/Us
ers/ravip/AndroidStudioProje
cts/PoliceMobileDirectory/ap
p/src/admin/java/com/example
/policemobiledirectory/ui/sc
reens/OfficerListScreen.kt:2
80:33 No parameter with 
name 'onDelete' found.
At line:1 char:1
+ ./gradlew 
:app:assembleAdminDebug 
--console=plain --no-daemon 
> build ...
+ ~~~~~~~~~~~~~~~~~~~~~~~~~~
~~~~~~~~~~~~~~~~~~~~~~~~~~~~
~~~~~~~~~~~~~~~
    + CategoryInfo          
    : NotSpecified: (e: fi  
  le:///C:/U...nDelete' f   
 ound.:String) [], Remot    
eException
    + FullyQualifiedErrorId 
    : NativeCommandError
 

FAILURE: Build failed with 
an exception.

* What went wrong:
Execution failed for task ':
app:compileAdminDebugKotlin'
.
> A failure occurred while 
executing org.jetbrains.kotl
in.compilerRunner.GradleComp
ilerRunnerWithWorkers$Gradle
KotlinCompilerWorkAction
   > Compilation error. See 
log for more details

* Try:
> Run with --stacktrace 
option to get the stack 
trace.
> Run with --info or 
--debug option to get more 
log output.
> Run with --scan to get 
full insights.
> Get more help at 
https://help.gradle.org.

BUILD FAILED in 33s
34 actionable tasks: 2 executed, 32 up-to-date
