Configuration on demand is an incubating feature.
> Task :app:checkKotlinGradlePluginConfigurationErrors SKIPPED
> Task :app:preBuild UP-TO-DATE
> Task :app:preUserDebugBuild UP-TO-DATE
> Task :app:generateUserDebugBuildConfig UP-TO-DATE
> Task :app:checkUserDebugAarMetadata UP-TO-DATE
> Task :app:processUserDebugNavigationResources UP-TO-DATE
> Task :app:compileUserDebugNavigationResources UP-TO-DATE
> Task :app:generateUserDebugResValues UP-TO-DATE
> Task :app:processUserDebugGoogleServices UP-TO-DATE
> Task :app:mapUserDebugSourceSetPaths UP-TO-DATE
> Task :app:generateUserDebugResources UP-TO-DATE
> Task :app:mergeUserDebugResources UP-TO-DATE
> Task :app:packageUserDebugResources UP-TO-DATE
> Task :app:parseUserDebugLocalResources UP-TO-DATE
> Task :app:createUserDebugCompatibleScreenManifests UP-TO-DATE
> Task :app:extractDeepLinksUserDebug UP-TO-DATE
> Task :app:processUserDebugMainManifest UP-TO-DATE
> Task :app:processUserDebugManifest UP-TO-DATE
> Task :app:processUserDebugManifestForPackage UP-TO-DATE
> Task :app:processUserDebugResources UP-TO-DATE
> Task :app:kspUserDebugKotlin UP-TO-DATE

> Task :app:compileUserDebugKotlin FAILED
e: file:///C:/Users/ravip/AndroidStudioProjects/PoliceMobileDirectory/app/src/user/java/com/example/policemobiledirectory/ui/screens/GalleryScreen.kt:103:32 Unresolved reference 'WindowInsets'.
e: file:///C:/Users/ravip/AndroidStudioProjects/PoliceMobileDirectory/app/src/user/java/com/example/policemobiledirectory/ui/screens/NotificationsScreen.kt:62:32 Unresolved reference 'WindowInsets'.

FAILURE: Build failed with an exception.

* What went wrong:
Execution failed for task ':app:compileUserDebugKotlin'.
> A failure occurred while executing org.jetbrains.kotlin.compilerRunner.GradleCompilerRunnerWithWorkers$GradleKotlinCompilerWorkAction
   > Compilation error. See log for more details

* Try:
> Run with --stacktrace option to get the stack trace.
> Run with --info or --debug option to get more log output.
> Run with --scan to get full insights.
> Get more help at https://help.gradle.org.

BUILD FAILED in 6s
19 actionable tasks: 1 executed, 18 up-to-date
